Archive member included to satisfy reference by file (symbol)

../libopencm3/lib/libopencm3_stm32f4.a(gpio_common_all.o)
                              /tmp/cc7tWt9u.o (gpio_toggle)
../libopencm3/lib/libopencm3_stm32f4.a(gpio_common_f0234.o)
                              /tmp/cc7tWt9u.o (gpio_mode_setup)
../libopencm3/lib/libopencm3_stm32f4.a(rcc_common_all.o)
                              /tmp/cc7tWt9u.o (rcc_periph_clock_enable)
../libopencm3/lib/libopencm3_stm32f4.a(rcc.o)
                              /tmp/cc7tWt9u.o (rcc_clock_setup_pll)
../libopencm3/lib/libopencm3_stm32f4.a(vector.o)
                              (reset_handler)
../libopencm3/lib/libopencm3_stm32f4.a(flash_common_all.o)
                              ../libopencm3/lib/libopencm3_stm32f4.a(rcc.o) (flash_set_ws)
../libopencm3/lib/libopencm3_stm32f4.a(flash_common_idcache.o)
                              ../libopencm3/lib/libopencm3_stm32f4.a(rcc.o) (flash_dcache_enable)
../libopencm3/lib/libopencm3_stm32f4.a(pwr.o)
                              ../libopencm3/lib/libopencm3_stm32f4.a(rcc.o) (pwr_set_vos_scale)

Discarded input sections

 .text          0x0000000000000000        0x0 /tmp/cc7tWt9u.o
 .data          0x0000000000000000        0x0 /tmp/cc7tWt9u.o
 .bss           0x0000000000000000        0x0 /tmp/cc7tWt9u.o
 .group         0x0000000000000000        0xc ../libopencm3/lib/libopencm3_stm32f4.a(gpio_common_all.o)
 .group         0x0000000000000000        0xc ../libopencm3/lib/libopencm3_stm32f4.a(gpio_common_all.o)
 .group         0x0000000000000000        0xc ../libopencm3/lib/libopencm3_stm32f4.a(gpio_common_all.o)
 .group         0x0000000000000000        0xc ../libopencm3/lib/libopencm3_stm32f4.a(gpio_common_all.o)
 .group         0x0000000000000000        0xc ../libopencm3/lib/libopencm3_stm32f4.a(gpio_common_all.o)
 .group         0x0000000000000000        0xc ../libopencm3/lib/libopencm3_stm32f4.a(gpio_common_all.o)
 .group         0x0000000000000000        0xc ../libopencm3/lib/libopencm3_stm32f4.a(gpio_common_all.o)
 .group         0x0000000000000000        0xc ../libopencm3/lib/libopencm3_stm32f4.a(gpio_common_all.o)
 .group         0x0000000000000000        0xc ../libopencm3/lib/libopencm3_stm32f4.a(gpio_common_all.o)
 .group         0x0000000000000000        0xc ../libopencm3/lib/libopencm3_stm32f4.a(gpio_common_all.o)
 .text          0x0000000000000000        0x0 ../libopencm3/lib/libopencm3_stm32f4.a(gpio_common_all.o)
 .data          0x0000000000000000        0x0 ../libopencm3/lib/libopencm3_stm32f4.a(gpio_common_all.o)
 .bss           0x0000000000000000        0x0 ../libopencm3/lib/libopencm3_stm32f4.a(gpio_common_all.o)
 .text.gpio_set
                0x0000000000000000        0x4 ../libopencm3/lib/libopencm3_stm32f4.a(gpio_common_all.o)
 .text.gpio_clear
                0x0000000000000000        0x6 ../libopencm3/lib/libopencm3_stm32f4.a(gpio_common_all.o)
 .text.gpio_get
                0x0000000000000000        0x6 ../libopencm3/lib/libopencm3_stm32f4.a(gpio_common_all.o)
 .text.gpio_port_read
                0x0000000000000000        0x6 ../libopencm3/lib/libopencm3_stm32f4.a(gpio_common_all.o)
 .text.gpio_port_write
                0x0000000000000000        0x4 ../libopencm3/lib/libopencm3_stm32f4.a(gpio_common_all.o)
 .text.gpio_port_config_lock
                0x0000000000000000       0x10 ../libopencm3/lib/libopencm3_stm32f4.a(gpio_common_all.o)
 .group         0x0000000000000000        0xc ../libopencm3/lib/libopencm3_stm32f4.a(gpio_common_f0234.o)
 .group         0x0000000000000000        0xc ../libopencm3/lib/libopencm3_stm32f4.a(gpio_common_f0234.o)
 .group         0x0000000000000000        0xc ../libopencm3/lib/libopencm3_stm32f4.a(gpio_common_f0234.o)
 .group         0x0000000000000000        0xc ../libopencm3/lib/libopencm3_stm32f4.a(gpio_common_f0234.o)
 .group         0x0000000000000000        0xc ../libopencm3/lib/libopencm3_stm32f4.a(gpio_common_f0234.o)
 .group         0x0000000000000000        0xc ../libopencm3/lib/libopencm3_stm32f4.a(gpio_common_f0234.o)
 .group         0x0000000000000000        0xc ../libopencm3/lib/libopencm3_stm32f4.a(gpio_common_f0234.o)
 .group         0x0000000000000000        0xc ../libopencm3/lib/libopencm3_stm32f4.a(gpio_common_f0234.o)
 .group         0x0000000000000000        0xc ../libopencm3/lib/libopencm3_stm32f4.a(gpio_common_f0234.o)
 .group         0x0000000000000000        0xc ../libopencm3/lib/libopencm3_stm32f4.a(gpio_common_f0234.o)
 .text          0x0000000000000000        0x0 ../libopencm3/lib/libopencm3_stm32f4.a(gpio_common_f0234.o)
 .data          0x0000000000000000        0x0 ../libopencm3/lib/libopencm3_stm32f4.a(gpio_common_f0234.o)
 .bss           0x0000000000000000        0x0 ../libopencm3/lib/libopencm3_stm32f4.a(gpio_common_f0234.o)
 .text.gpio_set_output_options
                0x0000000000000000       0x36 ../libopencm3/lib/libopencm3_stm32f4.a(gpio_common_f0234.o)
 .text.gpio_set_af
                0x0000000000000000       0x58 ../libopencm3/lib/libopencm3_stm32f4.a(gpio_common_f0234.o)
 .debug_macro   0x0000000000000000      0xa6c ../libopencm3/lib/libopencm3_stm32f4.a(gpio_common_f0234.o)
 .debug_macro   0x0000000000000000       0x1c ../libopencm3/lib/libopencm3_stm32f4.a(gpio_common_f0234.o)
 .debug_macro   0x0000000000000000      0x34e ../libopencm3/lib/libopencm3_stm32f4.a(gpio_common_f0234.o)
 .debug_macro   0x0000000000000000       0x22 ../libopencm3/lib/libopencm3_stm32f4.a(gpio_common_f0234.o)
 .debug_macro   0x0000000000000000       0xe8 ../libopencm3/lib/libopencm3_stm32f4.a(gpio_common_f0234.o)
 .debug_macro   0x0000000000000000       0x76 ../libopencm3/lib/libopencm3_stm32f4.a(gpio_common_f0234.o)
 .debug_macro   0x0000000000000000      0x280 ../libopencm3/lib/libopencm3_stm32f4.a(gpio_common_f0234.o)
 .debug_macro   0x0000000000000000       0x76 ../libopencm3/lib/libopencm3_stm32f4.a(gpio_common_f0234.o)
 .debug_macro   0x0000000000000000      0x37e ../libopencm3/lib/libopencm3_stm32f4.a(gpio_common_f0234.o)
 .debug_macro   0x0000000000000000       0xca ../libopencm3/lib/libopencm3_stm32f4.a(gpio_common_f0234.o)
 .group         0x0000000000000000        0xc ../libopencm3/lib/libopencm3_stm32f4.a(rcc_common_all.o)
 .group         0x0000000000000000        0xc ../libopencm3/lib/libopencm3_stm32f4.a(rcc_common_all.o)
 .group         0x0000000000000000        0xc ../libopencm3/lib/libopencm3_stm32f4.a(rcc_common_all.o)
 .group         0x0000000000000000        0xc ../libopencm3/lib/libopencm3_stm32f4.a(rcc_common_all.o)
 .group         0x0000000000000000        0xc ../libopencm3/lib/libopencm3_stm32f4.a(rcc_common_all.o)
 .group         0x0000000000000000        0xc ../libopencm3/lib/libopencm3_stm32f4.a(rcc_common_all.o)
 .group         0x0000000000000000        0xc ../libopencm3/lib/libopencm3_stm32f4.a(rcc_common_all.o)
 .group         0x0000000000000000        0xc ../libopencm3/lib/libopencm3_stm32f4.a(rcc_common_all.o)
 .group         0x0000000000000000        0xc ../libopencm3/lib/libopencm3_stm32f4.a(rcc_common_all.o)
 .group         0x0000000000000000        0xc ../libopencm3/lib/libopencm3_stm32f4.a(rcc_common_all.o)
 .text          0x0000000000000000        0x0 ../libopencm3/lib/libopencm3_stm32f4.a(rcc_common_all.o)
 .data          0x0000000000000000        0x0 ../libopencm3/lib/libopencm3_stm32f4.a(rcc_common_all.o)
 .bss           0x0000000000000000        0x0 ../libopencm3/lib/libopencm3_stm32f4.a(rcc_common_all.o)
 .text.rcc_peripheral_enable_clock
                0x0000000000000000        0x8 ../libopencm3/lib/libopencm3_stm32f4.a(rcc_common_all.o)
 .text.rcc_peripheral_disable_clock
                0x0000000000000000        0xa ../libopencm3/lib/libopencm3_stm32f4.a(rcc_common_all.o)
 .text.rcc_peripheral_reset
                0x0000000000000000        0x8 ../libopencm3/lib/libopencm3_stm32f4.a(rcc_common_all.o)
 .text.rcc_peripheral_clear_reset
                0x0000000000000000        0xa ../libopencm3/lib/libopencm3_stm32f4.a(rcc_common_all.o)
 .text.rcc_periph_clock_disable
                0x0000000000000000       0x1e ../libopencm3/lib/libopencm3_stm32f4.a(rcc_common_all.o)
 .text.rcc_periph_reset_pulse
                0x0000000000000000       0x24 ../libopencm3/lib/libopencm3_stm32f4.a(rcc_common_all.o)
 .text.rcc_periph_reset_hold
                0x0000000000000000        0x4 ../libopencm3/lib/libopencm3_stm32f4.a(rcc_common_all.o)
 .text.rcc_periph_reset_release
                0x0000000000000000        0x4 ../libopencm3/lib/libopencm3_stm32f4.a(rcc_common_all.o)
 .text.rcc_set_mco
                0x0000000000000000       0x18 ../libopencm3/lib/libopencm3_stm32f4.a(rcc_common_all.o)
 .text.rcc_osc_bypass_enable
                0x0000000000000000       0x30 ../libopencm3/lib/libopencm3_stm32f4.a(rcc_common_all.o)
 .text.rcc_osc_bypass_disable
                0x0000000000000000       0x30 ../libopencm3/lib/libopencm3_stm32f4.a(rcc_common_all.o)
 .text.rcc_get_div_from_hpre
                0x0000000000000000       0x1c ../libopencm3/lib/libopencm3_stm32f4.a(rcc_common_all.o)
 .debug_macro   0x0000000000000000      0xa6c ../libopencm3/lib/libopencm3_stm32f4.a(rcc_common_all.o)
 .debug_macro   0x0000000000000000       0x1c ../libopencm3/lib/libopencm3_stm32f4.a(rcc_common_all.o)
 .debug_macro   0x0000000000000000      0x34e ../libopencm3/lib/libopencm3_stm32f4.a(rcc_common_all.o)
 .debug_macro   0x0000000000000000       0x22 ../libopencm3/lib/libopencm3_stm32f4.a(rcc_common_all.o)
 .debug_macro   0x0000000000000000       0xe8 ../libopencm3/lib/libopencm3_stm32f4.a(rcc_common_all.o)
 .debug_macro   0x0000000000000000       0x76 ../libopencm3/lib/libopencm3_stm32f4.a(rcc_common_all.o)
 .debug_macro   0x0000000000000000      0x280 ../libopencm3/lib/libopencm3_stm32f4.a(rcc_common_all.o)
 .group         0x0000000000000000        0xc ../libopencm3/lib/libopencm3_stm32f4.a(rcc.o)
 .group         0x0000000000000000        0xc ../libopencm3/lib/libopencm3_stm32f4.a(rcc.o)
 .group         0x0000000000000000        0xc ../libopencm3/lib/libopencm3_stm32f4.a(rcc.o)
 .group         0x0000000000000000        0xc ../libopencm3/lib/libopencm3_stm32f4.a(rcc.o)
 .group         0x0000000000000000        0xc ../libopencm3/lib/libopencm3_stm32f4.a(rcc.o)
 .group         0x0000000000000000        0xc ../libopencm3/lib/libopencm3_stm32f4.a(rcc.o)
 .group         0x0000000000000000        0xc ../libopencm3/lib/libopencm3_stm32f4.a(rcc.o)
 .group         0x0000000000000000        0xc ../libopencm3/lib/libopencm3_stm32f4.a(rcc.o)
 .group         0x0000000000000000        0xc ../libopencm3/lib/libopencm3_stm32f4.a(rcc.o)
 .group         0x0000000000000000        0xc ../libopencm3/lib/libopencm3_stm32f4.a(rcc.o)
 .group         0x0000000000000000        0xc ../libopencm3/lib/libopencm3_stm32f4.a(rcc.o)
 .group         0x0000000000000000        0xc ../libopencm3/lib/libopencm3_stm32f4.a(rcc.o)
 .group         0x0000000000000000        0xc ../libopencm3/lib/libopencm3_stm32f4.a(rcc.o)
 .group         0x0000000000000000        0xc ../libopencm3/lib/libopencm3_stm32f4.a(rcc.o)
 .text          0x0000000000000000        0x0 ../libopencm3/lib/libopencm3_stm32f4.a(rcc.o)
 .data          0x0000000000000000        0x0 ../libopencm3/lib/libopencm3_stm32f4.a(rcc.o)
 .bss           0x0000000000000000        0x0 ../libopencm3/lib/libopencm3_stm32f4.a(rcc.o)
 .text.rcc_osc_ready_int_clear
                0x0000000000000000       0x6c ../libopencm3/lib/libopencm3_stm32f4.a(rcc.o)
 .text.rcc_osc_ready_int_enable
                0x0000000000000000       0x6c ../libopencm3/lib/libopencm3_stm32f4.a(rcc.o)
 .text.rcc_osc_ready_int_disable
                0x0000000000000000       0x6c ../libopencm3/lib/libopencm3_stm32f4.a(rcc.o)
 .text.rcc_osc_ready_int_flag
                0x0000000000000000       0x6c ../libopencm3/lib/libopencm3_stm32f4.a(rcc.o)
 .text.rcc_css_int_clear
                0x0000000000000000       0x14 ../libopencm3/lib/libopencm3_stm32f4.a(rcc.o)
 .text.rcc_css_int_flag
                0x0000000000000000       0x10 ../libopencm3/lib/libopencm3_stm32f4.a(rcc.o)
 .text.rcc_wait_for_sysclk_status
                0x0000000000000000       0x40 ../libopencm3/lib/libopencm3_stm32f4.a(rcc.o)
 .text.rcc_css_enable
                0x0000000000000000       0x14 ../libopencm3/lib/libopencm3_stm32f4.a(rcc.o)
 .text.rcc_css_disable
                0x0000000000000000       0x14 ../libopencm3/lib/libopencm3_stm32f4.a(rcc.o)
 .text.rcc_plli2s_config
                0x0000000000000000       0x1c ../libopencm3/lib/libopencm3_stm32f4.a(rcc.o)
 .text.rcc_pllsai_config
                0x0000000000000000       0x2c ../libopencm3/lib/libopencm3_stm32f4.a(rcc.o)
 .text.rcc_pllsai_postscalers
                0x0000000000000000       0x28 ../libopencm3/lib/libopencm3_stm32f4.a(rcc.o)
 .text.rcc_set_pll_source
                0x0000000000000000       0x18 ../libopencm3/lib/libopencm3_stm32f4.a(rcc.o)
 .text.rcc_set_rtcpre
                0x0000000000000000       0x18 ../libopencm3/lib/libopencm3_stm32f4.a(rcc.o)
 .text.rcc_system_clock_source
                0x0000000000000000       0x10 ../libopencm3/lib/libopencm3_stm32f4.a(rcc.o)
 .text.rcc_clock_setup_hse_3v3
                0x0000000000000000        0x4 ../libopencm3/lib/libopencm3_stm32f4.a(rcc.o)
 .text.rcc_get_usart_clk_freq
                0x0000000000000000       0x20 ../libopencm3/lib/libopencm3_stm32f4.a(rcc.o)
 .text.rcc_get_timer_clk_freq
                0x0000000000000000       0x34 ../libopencm3/lib/libopencm3_stm32f4.a(rcc.o)
 .text.rcc_get_i2c_clk_freq
                0x0000000000000000        0xc ../libopencm3/lib/libopencm3_stm32f4.a(rcc.o)
 .text.rcc_get_spi_clk_freq
                0x0000000000000000       0x20 ../libopencm3/lib/libopencm3_stm32f4.a(rcc.o)
 .rodata.rcc_hse_12mhz_3v3
                0x0000000000000000       0x70 ../libopencm3/lib/libopencm3_stm32f4.a(rcc.o)
 .rodata.rcc_hse_16mhz_3v3
                0x0000000000000000       0x70 ../libopencm3/lib/libopencm3_stm32f4.a(rcc.o)
 .rodata.rcc_hse_25mhz_3v3
                0x0000000000000000       0x70 ../libopencm3/lib/libopencm3_stm32f4.a(rcc.o)
 .rodata.rcc_hse_8mhz_3v3
                0x0000000000000000       0x70 ../libopencm3/lib/libopencm3_stm32f4.a(rcc.o)
 .debug_macro   0x0000000000000000      0xa6c ../libopencm3/lib/libopencm3_stm32f4.a(rcc.o)
 .debug_macro   0x0000000000000000       0x1c ../libopencm3/lib/libopencm3_stm32f4.a(rcc.o)
 .debug_macro   0x0000000000000000      0x34e ../libopencm3/lib/libopencm3_stm32f4.a(rcc.o)
 .debug_macro   0x0000000000000000       0x22 ../libopencm3/lib/libopencm3_stm32f4.a(rcc.o)
 .debug_macro   0x0000000000000000       0xe8 ../libopencm3/lib/libopencm3_stm32f4.a(rcc.o)
 .debug_macro   0x0000000000000000       0x76 ../libopencm3/lib/libopencm3_stm32f4.a(rcc.o)
 .debug_macro   0x0000000000000000      0x280 ../libopencm3/lib/libopencm3_stm32f4.a(rcc.o)
 .debug_macro   0x0000000000000000       0x8e ../libopencm3/lib/libopencm3_stm32f4.a(rcc.o)
 .debug_macro   0x0000000000000000       0x46 ../libopencm3/lib/libopencm3_stm32f4.a(rcc.o)
 .debug_macro   0x0000000000000000      0xcea ../libopencm3/lib/libopencm3_stm32f4.a(rcc.o)
 .group         0x0000000000000000        0xc ../libopencm3/lib/libopencm3_stm32f4.a(vector.o)
 .group         0x0000000000000000        0xc ../libopencm3/lib/libopencm3_stm32f4.a(vector.o)
 .group         0x0000000000000000        0xc ../libopencm3/lib/libopencm3_stm32f4.a(vector.o)
 .group         0x0000000000000000        0xc ../libopencm3/lib/libopencm3_stm32f4.a(vector.o)
 .group         0x0000000000000000        0xc ../libopencm3/lib/libopencm3_stm32f4.a(vector.o)
 .group         0x0000000000000000        0xc ../libopencm3/lib/libopencm3_stm32f4.a(vector.o)
 .group         0x0000000000000000        0xc ../libopencm3/lib/libopencm3_stm32f4.a(vector.o)
 .group         0x0000000000000000        0xc ../libopencm3/lib/libopencm3_stm32f4.a(vector.o)
 .group         0x0000000000000000        0xc ../libopencm3/lib/libopencm3_stm32f4.a(vector.o)
 .text          0x0000000000000000        0x0 ../libopencm3/lib/libopencm3_stm32f4.a(vector.o)
 .data          0x0000000000000000        0x0 ../libopencm3/lib/libopencm3_stm32f4.a(vector.o)
 .bss           0x0000000000000000        0x0 ../libopencm3/lib/libopencm3_stm32f4.a(vector.o)
 .debug_macro   0x0000000000000000      0xa6c ../libopencm3/lib/libopencm3_stm32f4.a(vector.o)
 .debug_macro   0x0000000000000000       0x76 ../libopencm3/lib/libopencm3_stm32f4.a(vector.o)
 .debug_macro   0x0000000000000000       0x1c ../libopencm3/lib/libopencm3_stm32f4.a(vector.o)
 .debug_macro   0x0000000000000000      0x34e ../libopencm3/lib/libopencm3_stm32f4.a(vector.o)
 .debug_macro   0x0000000000000000       0x22 ../libopencm3/lib/libopencm3_stm32f4.a(vector.o)
 .debug_macro   0x0000000000000000       0xe8 ../libopencm3/lib/libopencm3_stm32f4.a(vector.o)
 .group         0x0000000000000000        0xc ../libopencm3/lib/libopencm3_stm32f4.a(flash_common_all.o)
 .group         0x0000000000000000        0xc ../libopencm3/lib/libopencm3_stm32f4.a(flash_common_all.o)
 .group         0x0000000000000000        0xc ../libopencm3/lib/libopencm3_stm32f4.a(flash_common_all.o)
 .group         0x0000000000000000        0xc ../libopencm3/lib/libopencm3_stm32f4.a(flash_common_all.o)
 .group         0x0000000000000000        0xc ../libopencm3/lib/libopencm3_stm32f4.a(flash_common_all.o)
 .group         0x0000000000000000        0xc ../libopencm3/lib/libopencm3_stm32f4.a(flash_common_all.o)
 .group         0x0000000000000000        0xc ../libopencm3/lib/libopencm3_stm32f4.a(flash_common_all.o)
 .group         0x0000000000000000        0xc ../libopencm3/lib/libopencm3_stm32f4.a(flash_common_all.o)
 .group         0x0000000000000000        0xc ../libopencm3/lib/libopencm3_stm32f4.a(flash_common_all.o)
 .group         0x0000000000000000        0xc ../libopencm3/lib/libopencm3_stm32f4.a(flash_common_all.o)
 .text          0x0000000000000000        0x0 ../libopencm3/lib/libopencm3_stm32f4.a(flash_common_all.o)
 .data          0x0000000000000000        0x0 ../libopencm3/lib/libopencm3_stm32f4.a(flash_common_all.o)
 .bss           0x0000000000000000        0x0 ../libopencm3/lib/libopencm3_stm32f4.a(flash_common_all.o)
 .text.flash_prefetch_enable
                0x0000000000000000       0x14 ../libopencm3/lib/libopencm3_stm32f4.a(flash_common_all.o)
 .text.flash_prefetch_disable
                0x0000000000000000       0x14 ../libopencm3/lib/libopencm3_stm32f4.a(flash_common_all.o)
 .text.flash_unlock_option_bytes
                0x0000000000000000       0x1c ../libopencm3/lib/libopencm3_stm32f4.a(flash_common_all.o)
 .debug_macro   0x0000000000000000      0xa6c ../libopencm3/lib/libopencm3_stm32f4.a(flash_common_all.o)
 .debug_macro   0x0000000000000000       0x1c ../libopencm3/lib/libopencm3_stm32f4.a(flash_common_all.o)
 .debug_macro   0x0000000000000000      0x34e ../libopencm3/lib/libopencm3_stm32f4.a(flash_common_all.o)
 .debug_macro   0x0000000000000000       0x22 ../libopencm3/lib/libopencm3_stm32f4.a(flash_common_all.o)
 .debug_macro   0x0000000000000000       0xe8 ../libopencm3/lib/libopencm3_stm32f4.a(flash_common_all.o)
 .debug_macro   0x0000000000000000       0x76 ../libopencm3/lib/libopencm3_stm32f4.a(flash_common_all.o)
 .debug_macro   0x0000000000000000      0x280 ../libopencm3/lib/libopencm3_stm32f4.a(flash_common_all.o)
 .debug_macro   0x0000000000000000       0x1c ../libopencm3/lib/libopencm3_stm32f4.a(flash_common_all.o)
 .debug_macro   0x0000000000000000      0x143 ../libopencm3/lib/libopencm3_stm32f4.a(flash_common_all.o)
 .debug_macro   0x0000000000000000       0x10 ../libopencm3/lib/libopencm3_stm32f4.a(flash_common_all.o)
 .group         0x0000000000000000        0xc ../libopencm3/lib/libopencm3_stm32f4.a(flash_common_idcache.o)
 .group         0x0000000000000000        0xc ../libopencm3/lib/libopencm3_stm32f4.a(flash_common_idcache.o)
 .group         0x0000000000000000        0xc ../libopencm3/lib/libopencm3_stm32f4.a(flash_common_idcache.o)
 .group         0x0000000000000000        0xc ../libopencm3/lib/libopencm3_stm32f4.a(flash_common_idcache.o)
 .group         0x0000000000000000        0xc ../libopencm3/lib/libopencm3_stm32f4.a(flash_common_idcache.o)
 .group         0x0000000000000000        0xc ../libopencm3/lib/libopencm3_stm32f4.a(flash_common_idcache.o)
 .group         0x0000000000000000        0xc ../libopencm3/lib/libopencm3_stm32f4.a(flash_common_idcache.o)
 .group         0x0000000000000000        0xc ../libopencm3/lib/libopencm3_stm32f4.a(flash_common_idcache.o)
 .group         0x0000000000000000        0xc ../libopencm3/lib/libopencm3_stm32f4.a(flash_common_idcache.o)
 .group         0x0000000000000000        0xc ../libopencm3/lib/libopencm3_stm32f4.a(flash_common_idcache.o)
 .text          0x0000000000000000        0x0 ../libopencm3/lib/libopencm3_stm32f4.a(flash_common_idcache.o)
 .data          0x0000000000000000        0x0 ../libopencm3/lib/libopencm3_stm32f4.a(flash_common_idcache.o)
 .bss           0x0000000000000000        0x0 ../libopencm3/lib/libopencm3_stm32f4.a(flash_common_idcache.o)
 .text.flash_dcache_reset
                0x0000000000000000       0x14 ../libopencm3/lib/libopencm3_stm32f4.a(flash_common_idcache.o)
 .text.flash_icache_reset
                0x0000000000000000       0x14 ../libopencm3/lib/libopencm3_stm32f4.a(flash_common_idcache.o)
 .debug_macro   0x0000000000000000      0xa6c ../libopencm3/lib/libopencm3_stm32f4.a(flash_common_idcache.o)
 .debug_macro   0x0000000000000000       0x1c ../libopencm3/lib/libopencm3_stm32f4.a(flash_common_idcache.o)
 .debug_macro   0x0000000000000000      0x34e ../libopencm3/lib/libopencm3_stm32f4.a(flash_common_idcache.o)
 .debug_macro   0x0000000000000000       0x22 ../libopencm3/lib/libopencm3_stm32f4.a(flash_common_idcache.o)
 .debug_macro   0x0000000000000000       0xe8 ../libopencm3/lib/libopencm3_stm32f4.a(flash_common_idcache.o)
 .debug_macro   0x0000000000000000       0x76 ../libopencm3/lib/libopencm3_stm32f4.a(flash_common_idcache.o)
 .debug_macro   0x0000000000000000      0x280 ../libopencm3/lib/libopencm3_stm32f4.a(flash_common_idcache.o)
 .debug_macro   0x0000000000000000       0x1c ../libopencm3/lib/libopencm3_stm32f4.a(flash_common_idcache.o)
 .debug_macro   0x0000000000000000      0x143 ../libopencm3/lib/libopencm3_stm32f4.a(flash_common_idcache.o)
 .debug_macro   0x0000000000000000       0x10 ../libopencm3/lib/libopencm3_stm32f4.a(flash_common_idcache.o)
 .group         0x0000000000000000        0xc ../libopencm3/lib/libopencm3_stm32f4.a(pwr.o)
 .group         0x0000000000000000        0xc ../libopencm3/lib/libopencm3_stm32f4.a(pwr.o)
 .group         0x0000000000000000        0xc ../libopencm3/lib/libopencm3_stm32f4.a(pwr.o)
 .group         0x0000000000000000        0xc ../libopencm3/lib/libopencm3_stm32f4.a(pwr.o)
 .group         0x0000000000000000        0xc ../libopencm3/lib/libopencm3_stm32f4.a(pwr.o)
 .group         0x0000000000000000        0xc ../libopencm3/lib/libopencm3_stm32f4.a(pwr.o)
 .group         0x0000000000000000        0xc ../libopencm3/lib/libopencm3_stm32f4.a(pwr.o)
 .group         0x0000000000000000        0xc ../libopencm3/lib/libopencm3_stm32f4.a(pwr.o)
 .group         0x0000000000000000        0xc ../libopencm3/lib/libopencm3_stm32f4.a(pwr.o)
 .text          0x0000000000000000        0x0 ../libopencm3/lib/libopencm3_stm32f4.a(pwr.o)
 .data          0x0000000000000000        0x0 ../libopencm3/lib/libopencm3_stm32f4.a(pwr.o)
 .bss           0x0000000000000000        0x0 ../libopencm3/lib/libopencm3_stm32f4.a(pwr.o)
 .debug_macro   0x0000000000000000      0xa6c ../libopencm3/lib/libopencm3_stm32f4.a(pwr.o)
 .debug_macro   0x0000000000000000       0x1c ../libopencm3/lib/libopencm3_stm32f4.a(pwr.o)
 .debug_macro   0x0000000000000000      0x34e ../libopencm3/lib/libopencm3_stm32f4.a(pwr.o)
 .debug_macro   0x0000000000000000       0x22 ../libopencm3/lib/libopencm3_stm32f4.a(pwr.o)
 .debug_macro   0x0000000000000000       0xe8 ../libopencm3/lib/libopencm3_stm32f4.a(pwr.o)
 .debug_macro   0x0000000000000000       0x76 ../libopencm3/lib/libopencm3_stm32f4.a(pwr.o)
 .debug_macro   0x0000000000000000      0x280 ../libopencm3/lib/libopencm3_stm32f4.a(pwr.o)
 .debug_macro   0x0000000000000000       0x8e ../libopencm3/lib/libopencm3_stm32f4.a(pwr.o)
 .debug_macro   0x0000000000000000       0x46 ../libopencm3/lib/libopencm3_stm32f4.a(pwr.o)

Memory Configuration

Name             Origin             Length             Attributes
rom              0x0000000008000000 0x0000000000080000 xr
ram              0x0000000020000000 0x0000000000018000 xrw
*default*        0x0000000000000000 0xffffffffffffffff

Linker script and memory map

LOAD /tmp/cc7tWt9u.o
LOAD ../libopencm3/lib/libopencm3_stm32f4.a
START GROUP
LOAD /usr/lib/gcc/arm-none-eabi/10.3.1/thumb/v7e-m+fp/hard/libgcc.a
LOAD /usr/lib/gcc/arm-none-eabi/10.3.1/../../../arm-none-eabi/lib/thumb/v7e-m+fp/hard/libg.a
LOAD /usr/lib/gcc/arm-none-eabi/10.3.1/../../../arm-none-eabi/lib/thumb/v7e-m+fp/hard/libc.a
END GROUP

.text           0x0000000008000000      0x718
 *(.bootloader_section)
 *(.vectors)
 .vectors       0x0000000008000000      0x1ac ../libopencm3/lib/libopencm3_stm32f4.a(vector.o)
                0x0000000008000000                vector_table
                0x00000000080001b0                . = ALIGN (0x10)
 *fill*         0x00000000080001ac        0x4 
 *(.firmware_info)
 *(.firmware_signature)
 *(.text*)
 .text.startup  0x00000000080001b0       0x3c /tmp/cc7tWt9u.o
                0x00000000080001b0                main
 .text.gpio_toggle
                0x00000000080001ec       0x12 ../libopencm3/lib/libopencm3_stm32f4.a(gpio_common_all.o)
                0x00000000080001ec                gpio_toggle
 .text.gpio_mode_setup
                0x00000000080001fe       0x40 ../libopencm3/lib/libopencm3_stm32f4.a(gpio_common_f0234.o)
                0x00000000080001fe                gpio_mode_setup
 .text.rcc_periph_clock_enable
                0x000000000800023e       0x1c ../libopencm3/lib/libopencm3_stm32f4.a(rcc_common_all.o)
                0x000000000800023e                rcc_periph_clock_enable
 *fill*         0x000000000800025a        0x2 
 .text.rcc_is_osc_ready
                0x000000000800025c       0x64 ../libopencm3/lib/libopencm3_stm32f4.a(rcc.o)
                0x000000000800025c                rcc_is_osc_ready
 .text.rcc_wait_for_osc_ready
                0x00000000080002c0       0x10 ../libopencm3/lib/libopencm3_stm32f4.a(rcc.o)
                0x00000000080002c0                rcc_wait_for_osc_ready
 .text.rcc_osc_on
                0x00000000080002d0       0x74 ../libopencm3/lib/libopencm3_stm32f4.a(rcc.o)
                0x00000000080002d0                rcc_osc_on
 .text.rcc_osc_off
                0x0000000008000344       0x74 ../libopencm3/lib/libopencm3_stm32f4.a(rcc.o)
                0x0000000008000344                rcc_osc_off
 .text.rcc_set_sysclk_source
                0x00000000080003b8       0x18 ../libopencm3/lib/libopencm3_stm32f4.a(rcc.o)
                0x00000000080003b8                rcc_set_sysclk_source
 .text.rcc_set_ppre2
                0x00000000080003d0       0x18 ../libopencm3/lib/libopencm3_stm32f4.a(rcc.o)
                0x00000000080003d0                rcc_set_ppre2
 .text.rcc_set_ppre1
                0x00000000080003e8       0x18 ../libopencm3/lib/libopencm3_stm32f4.a(rcc.o)
                0x00000000080003e8                rcc_set_ppre1
 .text.rcc_set_hpre
                0x0000000008000400       0x18 ../libopencm3/lib/libopencm3_stm32f4.a(rcc.o)
                0x0000000008000400                rcc_set_hpre
 .text.rcc_set_main_pll_hsi
                0x0000000008000418       0x44 ../libopencm3/lib/libopencm3_stm32f4.a(rcc.o)
                0x0000000008000418                rcc_set_main_pll_hsi
 .text.rcc_set_main_pll_hse
                0x000000000800045c       0x44 ../libopencm3/lib/libopencm3_stm32f4.a(rcc.o)
                0x000000000800045c                rcc_set_main_pll_hse
 .text.rcc_clock_setup_pll
                0x00000000080004a0       0xe4 ../libopencm3/lib/libopencm3_stm32f4.a(rcc.o)
                0x00000000080004a0                rcc_clock_setup_pll
 .text.blocking_handler
                0x0000000008000584        0x2 ../libopencm3/lib/libopencm3_stm32f4.a(vector.o)
                0x0000000008000584                dma2_stream1_isr
                0x0000000008000584                tim8_brk_tim12_isr
                0x0000000008000584                dma1_stream7_isr
                0x0000000008000584                usart3_isr
                0x0000000008000584                tim7_isr
                0x0000000008000584                dma2d_isr
                0x0000000008000584                uart8_isr
                0x0000000008000584                dma1_stream2_isr
                0x0000000008000584                otg_hs_isr
                0x0000000008000584                blocking_handler
                0x0000000008000584                tim5_isr
                0x0000000008000584                rtc_wkup_isr
                0x0000000008000584                otg_fs_isr
                0x0000000008000584                spi1_isr
                0x0000000008000584                i2c3_er_isr
                0x0000000008000584                exti2_isr
                0x0000000008000584                spi5_isr
                0x0000000008000584                usb_fs_wkup_isr
                0x0000000008000584                tamp_stamp_isr
                0x0000000008000584                can1_rx1_isr
                0x0000000008000584                dma2_stream0_isr
                0x0000000008000584                usart1_isr
                0x0000000008000584                i2c3_ev_isr
                0x0000000008000584                usage_fault_handler
                0x0000000008000584                can2_rx0_isr
                0x0000000008000584                dma1_stream6_isr
                0x0000000008000584                can2_rx1_isr
                0x0000000008000584                can1_sce_isr
                0x0000000008000584                tim1_cc_isr
                0x0000000008000584                can1_tx_isr
                0x0000000008000584                tim1_up_tim10_isr
                0x0000000008000584                sdio_isr
                0x0000000008000584                eth_isr
                0x0000000008000584                spi6_isr
                0x0000000008000584                dma2_stream5_isr
                0x0000000008000584                pvd_isr
                0x0000000008000584                can1_rx0_isr
                0x0000000008000584                rcc_isr
                0x0000000008000584                dma2_stream3_isr
                0x0000000008000584                flash_isr
                0x0000000008000584                uart4_isr
                0x0000000008000584                lcd_tft_isr
                0x0000000008000584                rtc_alarm_isr
                0x0000000008000584                exti15_10_isr
                0x0000000008000584                hash_rng_isr
                0x0000000008000584                tim1_trg_com_tim11_isr
                0x0000000008000584                hard_fault_handler
                0x0000000008000584                exti1_isr
                0x0000000008000584                i2c1_ev_isr
                0x0000000008000584                usart6_isr
                0x0000000008000584                spi2_isr
                0x0000000008000584                cryp_isr
                0x0000000008000584                nvic_wwdg_isr
                0x0000000008000584                dma1_stream1_isr
                0x0000000008000584                dma2_stream4_isr
                0x0000000008000584                exti3_isr
                0x0000000008000584                tim3_isr
                0x0000000008000584                usart2_isr
                0x0000000008000584                sai1_isr
                0x0000000008000584                fpu_isr
                0x0000000008000584                dma1_stream4_isr
                0x0000000008000584                i2c2_er_isr
                0x0000000008000584                i2c2_ev_isr
                0x0000000008000584                uart5_isr
                0x0000000008000584                dma2_stream6_isr
                0x0000000008000584                spi4_isr
                0x0000000008000584                adc_isr
                0x0000000008000584                dma2_stream7_isr
                0x0000000008000584                tim8_up_tim13_isr
                0x0000000008000584                fsmc_isr
                0x0000000008000584                exti4_isr
                0x0000000008000584                tim6_dac_isr
                0x0000000008000584                dma1_stream3_isr
                0x0000000008000584                tim8_trg_com_tim14_isr
                0x0000000008000584                mem_manage_handler
                0x0000000008000584                lcd_tft_err_isr
                0x0000000008000584                can2_tx_isr
                0x0000000008000584                exti9_5_isr
                0x0000000008000584                tim1_brk_tim9_isr
                0x0000000008000584                uart7_isr
                0x0000000008000584                can2_sce_isr
                0x0000000008000584                tim4_isr
                0x0000000008000584                otg_hs_wkup_isr
                0x0000000008000584                i2c1_er_isr
                0x0000000008000584                dma1_stream0_isr
                0x0000000008000584                tim8_cc_isr
                0x0000000008000584                dcmi_isr
                0x0000000008000584                dma2_stream2_isr
                0x0000000008000584                eth_wkup_isr
                0x0000000008000584                bus_fault_handler
                0x0000000008000584                otg_hs_ep1_out_isr
                0x0000000008000584                spi3_isr
                0x0000000008000584                dma1_stream5_isr
                0x0000000008000584                otg_hs_ep1_in_isr
                0x0000000008000584                tim2_isr
                0x0000000008000584                exti0_isr
 .text.null_handler
                0x0000000008000586        0x2 ../libopencm3/lib/libopencm3_stm32f4.a(vector.o)
                0x0000000008000586                null_handler
                0x0000000008000586                sv_call_handler
                0x0000000008000586                pend_sv_handler
                0x0000000008000586                debug_monitor_handler
                0x0000000008000586                sys_tick_handler
                0x0000000008000586                nmi_handler
 .text.reset_handler
                0x0000000008000588       0xa0 ../libopencm3/lib/libopencm3_stm32f4.a(vector.o)
                0x0000000008000588                reset_handler
 .text.flash_set_ws
                0x0000000008000628       0x18 ../libopencm3/lib/libopencm3_stm32f4.a(flash_common_all.o)
                0x0000000008000628                flash_set_ws
 .text.flash_dcache_enable
                0x0000000008000640       0x14 ../libopencm3/lib/libopencm3_stm32f4.a(flash_common_idcache.o)
                0x0000000008000640                flash_dcache_enable
 .text.flash_dcache_disable
                0x0000000008000654       0x14 ../libopencm3/lib/libopencm3_stm32f4.a(flash_common_idcache.o)
                0x0000000008000654                flash_dcache_disable
 .text.flash_icache_enable
                0x0000000008000668       0x14 ../libopencm3/lib/libopencm3_stm32f4.a(flash_common_idcache.o)
                0x0000000008000668                flash_icache_enable
 .text.flash_icache_disable
                0x000000000800067c       0x14 ../libopencm3/lib/libopencm3_stm32f4.a(flash_common_idcache.o)
                0x000000000800067c                flash_icache_disable
 .text.pwr_set_vos_scale
                0x0000000008000690       0x18 ../libopencm3/lib/libopencm3_stm32f4.a(pwr.o)
                0x0000000008000690                pwr_set_vos_scale
                0x00000000080006a8                . = ALIGN (0x4)
 *(.rodata*)
 .rodata.rcc_hsi_configs
                0x00000000080006a8       0x70 ../libopencm3/lib/libopencm3_stm32f4.a(rcc.o)
                0x00000000080006a8                rcc_hsi_configs
                0x0000000008000718                . = ALIGN (0x4)

.glue_7         0x0000000008000718        0x0
 .glue_7        0x0000000008000718        0x0 linker stubs

.glue_7t        0x0000000008000718        0x0
 .glue_7t       0x0000000008000718        0x0 linker stubs

.vfp11_veneer   0x0000000008000718        0x0
 .vfp11_veneer  0x0000000008000718        0x0 linker stubs

.v4_bx          0x0000000008000718        0x0
 .v4_bx         0x0000000008000718        0x0 linker stubs

.iplt           0x0000000008000718        0x0
 .iplt          0x0000000008000718        0x0 /tmp/cc7tWt9u.o

.rel.dyn        0x0000000008000718        0x0
 .rel.iplt      0x0000000008000718        0x0 /tmp/cc7tWt9u.o

.preinit_array  0x0000000008000718        0x0
                0x0000000008000718                . = ALIGN (0x4)
                0x0000000008000718                __preinit_array_start = .
 *(.preinit_array)
                0x0000000008000718                __preinit_array_end = .

.init_array     0x0000000008000718        0x0
                0x0000000008000718                . = ALIGN (0x4)
                0x0000000008000718                __init_array_start = .
 *(SORT_BY_NAME(.init_array.*))
 *(.init_array)
                0x0000000008000718                __init_array_end = .

.fini_array     0x0000000008000718        0x0
                0x0000000008000718                . = ALIGN (0x4)
                0x0000000008000718                __fini_array_start = .
 *(.fini_array)
 *(SORT_BY_NAME(.fini_array.*))
                0x0000000008000718                __fini_array_end = .

.ARM.extab
 *(.ARM.extab*)

.ARM.exidx      0x0000000008000718        0x0
                0x0000000008000718                __exidx_start = .
 *(.ARM.exidx*)
                0x0000000008000718                __exidx_end = .
                0x0000000008000718                . = ALIGN (0x4)
                0x0000000008000718                _etext = .

.noinit
 *(.noinit*)
                0x0000000008000718                . = ALIGN (0x4)

.data           0x0000000020000000        0xc load address 0x0000000008000718
                0x0000000020000000                _data = .
 *(.data*)
 .data.rcc_ahb_frequency
                0x0000000020000000        0x4 ../libopencm3/lib/libopencm3_stm32f4.a(rcc.o)
                0x0000000020000000                rcc_ahb_frequency
 .data.rcc_apb1_frequency
                0x0000000020000004        0x4 ../libopencm3/lib/libopencm3_stm32f4.a(rcc.o)
                0x0000000020000004                rcc_apb1_frequency
 .data.rcc_apb2_frequency
                0x0000000020000008        0x4 ../libopencm3/lib/libopencm3_stm32f4.a(rcc.o)
                0x0000000020000008                rcc_apb2_frequency
 *(.ramtext*)
                0x000000002000000c                . = ALIGN (0x4)
                0x000000002000000c                _edata = .
                0x0000000008000718                _data_loadaddr = LOADADDR (.data)

.igot.plt       0x000000002000000c        0x0 load address 0x0000000008000724
 .igot.plt      0x000000002000000c        0x0 /tmp/cc7tWt9u.o

.bss            0x000000002000000c        0x0 load address 0x0000000008000724
 *(.bss*)
 *(COMMON)
                0x000000002000000c                . = ALIGN (0x4)
                0x000000002000000c                _ebss = .

/DISCARD/
 *(.eh_frame)
                0x000000002000000c                . = ALIGN (0x4)
                0x000000002000000c                end = .
                0x0000000020018000                PROVIDE (_stack = (ORIGIN (ram) + LENGTH (ram)))
OUTPUT(build/blinky_to_bootloader.elf elf32-littlearm)
LOAD linker stubs

.debug_info     0x0000000000000000     0x2a98
 .debug_info    0x0000000000000000      0x72a /tmp/cc7tWt9u.o
 .debug_info    0x000000000000072a      0x24e ../libopencm3/lib/libopencm3_stm32f4.a(gpio_common_all.o)
 .debug_info    0x0000000000000978      0x20f ../libopencm3/lib/libopencm3_stm32f4.a(gpio_common_f0234.o)
 .debug_info    0x0000000000000b87      0x950 ../libopencm3/lib/libopencm3_stm32f4.a(rcc_common_all.o)
 .debug_info    0x00000000000014d7     0x1027 ../libopencm3/lib/libopencm3_stm32f4.a(rcc.o)
 .debug_info    0x00000000000024fe      0x2e6 ../libopencm3/lib/libopencm3_stm32f4.a(vector.o)
 .debug_info    0x00000000000027e4       0xf0 ../libopencm3/lib/libopencm3_stm32f4.a(flash_common_all.o)
 .debug_info    0x00000000000028d4       0xe8 ../libopencm3/lib/libopencm3_stm32f4.a(flash_common_idcache.o)
 .debug_info    0x00000000000029bc       0xdc ../libopencm3/lib/libopencm3_stm32f4.a(pwr.o)

.debug_abbrev   0x0000000000000000      0xa7f
 .debug_abbrev  0x0000000000000000      0x192 /tmp/cc7tWt9u.o
 .debug_abbrev  0x0000000000000192      0x116 ../libopencm3/lib/libopencm3_stm32f4.a(gpio_common_all.o)
 .debug_abbrev  0x00000000000002a8       0xbf ../libopencm3/lib/libopencm3_stm32f4.a(gpio_common_f0234.o)
 .debug_abbrev  0x0000000000000367      0x177 ../libopencm3/lib/libopencm3_stm32f4.a(rcc_common_all.o)
 .debug_abbrev  0x00000000000004de      0x2ba ../libopencm3/lib/libopencm3_stm32f4.a(rcc.o)
 .debug_abbrev  0x0000000000000798      0x15b ../libopencm3/lib/libopencm3_stm32f4.a(vector.o)
 .debug_abbrev  0x00000000000008f3       0x9a ../libopencm3/lib/libopencm3_stm32f4.a(flash_common_all.o)
 .debug_abbrev  0x000000000000098d       0x56 ../libopencm3/lib/libopencm3_stm32f4.a(flash_common_idcache.o)
 .debug_abbrev  0x00000000000009e3       0x9c ../libopencm3/lib/libopencm3_stm32f4.a(pwr.o)

.debug_loc      0x0000000000000000      0xd9f
 .debug_loc     0x0000000000000000       0x55 /tmp/cc7tWt9u.o
 .debug_loc     0x0000000000000055       0xbe ../libopencm3/lib/libopencm3_stm32f4.a(gpio_common_all.o)
 .debug_loc     0x0000000000000113      0x14f ../libopencm3/lib/libopencm3_stm32f4.a(gpio_common_f0234.o)
 .debug_loc     0x0000000000000262      0x120 ../libopencm3/lib/libopencm3_stm32f4.a(rcc_common_all.o)
 .debug_loc     0x0000000000000382      0x867 ../libopencm3/lib/libopencm3_stm32f4.a(rcc.o)
 .debug_loc     0x0000000000000be9      0x128 ../libopencm3/lib/libopencm3_stm32f4.a(vector.o)
 .debug_loc     0x0000000000000d11       0x47 ../libopencm3/lib/libopencm3_stm32f4.a(flash_common_all.o)
 .debug_loc     0x0000000000000d58       0x47 ../libopencm3/lib/libopencm3_stm32f4.a(pwr.o)

.debug_aranges  0x0000000000000000      0x2e0
 .debug_aranges
                0x0000000000000000       0x20 /tmp/cc7tWt9u.o
 .debug_aranges
                0x0000000000000020       0x50 ../libopencm3/lib/libopencm3_stm32f4.a(gpio_common_all.o)
 .debug_aranges
                0x0000000000000070       0x30 ../libopencm3/lib/libopencm3_stm32f4.a(gpio_common_f0234.o)
 .debug_aranges
                0x00000000000000a0       0x60 ../libopencm3/lib/libopencm3_stm32f4.a(rcc_common_all.o)
 .debug_aranges
                0x0000000000000100      0x110 ../libopencm3/lib/libopencm3_stm32f4.a(rcc.o)
 .debug_aranges
                0x0000000000000210       0x30 ../libopencm3/lib/libopencm3_stm32f4.a(vector.o)
 .debug_aranges
                0x0000000000000240       0x38 ../libopencm3/lib/libopencm3_stm32f4.a(flash_common_all.o)
 .debug_aranges
                0x0000000000000278       0x48 ../libopencm3/lib/libopencm3_stm32f4.a(flash_common_idcache.o)
 .debug_aranges
                0x00000000000002c0       0x20 ../libopencm3/lib/libopencm3_stm32f4.a(pwr.o)

.debug_ranges   0x0000000000000000      0x2d0
 .debug_ranges  0x0000000000000000       0x48 /tmp/cc7tWt9u.o
 .debug_ranges  0x0000000000000048       0x40 ../libopencm3/lib/libopencm3_stm32f4.a(gpio_common_all.o)
 .debug_ranges  0x0000000000000088       0x20 ../libopencm3/lib/libopencm3_stm32f4.a(gpio_common_f0234.o)
 .debug_ranges  0x00000000000000a8       0x50 ../libopencm3/lib/libopencm3_stm32f4.a(rcc_common_all.o)
 .debug_ranges  0x00000000000000f8      0x148 ../libopencm3/lib/libopencm3_stm32f4.a(rcc.o)
 .debug_ranges  0x0000000000000240       0x20 ../libopencm3/lib/libopencm3_stm32f4.a(vector.o)
 .debug_ranges  0x0000000000000260       0x28 ../libopencm3/lib/libopencm3_stm32f4.a(flash_common_all.o)
 .debug_ranges  0x0000000000000288       0x38 ../libopencm3/lib/libopencm3_stm32f4.a(flash_common_idcache.o)
 .debug_ranges  0x00000000000002c0       0x10 ../libopencm3/lib/libopencm3_stm32f4.a(pwr.o)

.debug_line     0x0000000000000000     0x1d9c
 .debug_line    0x0000000000000000      0x17e /tmp/cc7tWt9u.o
 .debug_line    0x000000000000017e      0x2a6 ../libopencm3/lib/libopencm3_stm32f4.a(gpio_common_all.o)
 .debug_line    0x0000000000000424      0x38e ../libopencm3/lib/libopencm3_stm32f4.a(gpio_common_f0234.o)
 .debug_line    0x00000000000007b2      0x305 ../libopencm3/lib/libopencm3_stm32f4.a(rcc_common_all.o)
 .debug_line    0x0000000000000ab7      0x992 ../libopencm3/lib/libopencm3_stm32f4.a(rcc.o)
 .debug_line    0x0000000000001449      0x322 ../libopencm3/lib/libopencm3_stm32f4.a(vector.o)
 .debug_line    0x000000000000176b      0x246 ../libopencm3/lib/libopencm3_stm32f4.a(flash_common_all.o)
 .debug_line    0x00000000000019b1      0x25f ../libopencm3/lib/libopencm3_stm32f4.a(flash_common_idcache.o)
 .debug_line    0x0000000000001c10      0x18c ../libopencm3/lib/libopencm3_stm32f4.a(pwr.o)

.debug_str      0x0000000000000000     0xe3ab
 .debug_str     0x0000000000000000      0x84c /tmp/cc7tWt9u.o
                                        0x91d (size before relaxing)
 .debug_str     0x000000000000084c     0x600d ../libopencm3/lib/libopencm3_stm32f4.a(gpio_common_all.o)
                                       0x6198 (size before relaxing)
 .debug_str     0x0000000000006859       0x8a ../libopencm3/lib/libopencm3_stm32f4.a(gpio_common_f0234.o)
                                       0x61b0 (size before relaxing)
 .debug_str     0x00000000000068e3     0x41be ../libopencm3/lib/libopencm3_stm32f4.a(rcc_common_all.o)
                                       0x954d (size before relaxing)
 .debug_str     0x000000000000aaa1      0xb52 ../libopencm3/lib/libopencm3_stm32f4.a(rcc.o)
                                       0x9dc2 (size before relaxing)
 .debug_str     0x000000000000b5f3     0x2d07 ../libopencm3/lib/libopencm3_stm32f4.a(vector.o)
                                       0x6a58 (size before relaxing)
 .debug_str     0x000000000000e2fa       0x64 ../libopencm3/lib/libopencm3_stm32f4.a(flash_common_all.o)
                                       0x54fa (size before relaxing)
 .debug_str     0x000000000000e35e       0x47 ../libopencm3/lib/libopencm3_stm32f4.a(flash_common_idcache.o)
                                       0x551c (size before relaxing)
 .debug_str     0x000000000000e3a5        0x6 ../libopencm3/lib/libopencm3_stm32f4.a(pwr.o)
                                       0x5176 (size before relaxing)

.comment        0x0000000000000000       0x33
 .comment       0x0000000000000000       0x33 /tmp/cc7tWt9u.o
                                         0x34 (size before relaxing)
 .comment       0x0000000000000033       0x34 ../libopencm3/lib/libopencm3_stm32f4.a(gpio_common_all.o)
 .comment       0x0000000000000033       0x34 ../libopencm3/lib/libopencm3_stm32f4.a(gpio_common_f0234.o)
 .comment       0x0000000000000033       0x34 ../libopencm3/lib/libopencm3_stm32f4.a(rcc_common_all.o)
 .comment       0x0000000000000033       0x34 ../libopencm3/lib/libopencm3_stm32f4.a(rcc.o)
 .comment       0x0000000000000033       0x34 ../libopencm3/lib/libopencm3_stm32f4.a(vector.o)
 .comment       0x0000000000000033       0x34 ../libopencm3/lib/libopencm3_stm32f4.a(flash_common_all.o)
 .comment       0x0000000000000033       0x34 ../libopencm3/lib/libopencm3_stm32f4.a(flash_common_idcache.o)
 .comment       0x0000000000000033       0x34 ../libopencm3/lib/libopencm3_stm32f4.a(pwr.o)

.ARM.attributes
                0x0000000000000000       0x34
 .ARM.attributes
                0x0000000000000000       0x34 /tmp/cc7tWt9u.o
 .ARM.attributes
                0x0000000000000034       0x34 ../libopencm3/lib/libopencm3_stm32f4.a(gpio_common_all.o)
 .ARM.attributes
                0x0000000000000068       0x34 ../libopencm3/lib/libopencm3_stm32f4.a(gpio_common_f0234.o)
 .ARM.attributes
                0x000000000000009c       0x34 ../libopencm3/lib/libopencm3_stm32f4.a(rcc_common_all.o)
 .ARM.attributes
                0x00000000000000d0       0x34 ../libopencm3/lib/libopencm3_stm32f4.a(rcc.o)
 .ARM.attributes
                0x0000000000000104       0x34 ../libopencm3/lib/libopencm3_stm32f4.a(vector.o)
 .ARM.attributes
                0x0000000000000138       0x34 ../libopencm3/lib/libopencm3_stm32f4.a(flash_common_all.o)
 .ARM.attributes
                0x000000000000016c       0x34 ../libopencm3/lib/libopencm3_stm32f4.a(flash_common_idcache.o)
 .ARM.attributes
                0x00000000000001a0       0x34 ../libopencm3/lib/libopencm3_stm32f4.a(pwr.o)

.debug_frame    0x0000000000000000      0x558
 .debug_frame   0x0000000000000000       0x28 /tmp/cc7tWt9u.o
 .debug_frame   0x0000000000000028       0x80 ../libopencm3/lib/libopencm3_stm32f4.a(gpio_common_all.o)
 .debug_frame   0x00000000000000a8       0x70 ../libopencm3/lib/libopencm3_stm32f4.a(gpio_common_f0234.o)
 .debug_frame   0x0000000000000118       0xe0 ../libopencm3/lib/libopencm3_stm32f4.a(rcc_common_all.o)
 .debug_frame   0x00000000000001f8      0x234 ../libopencm3/lib/libopencm3_stm32f4.a(rcc.o)
 .debug_frame   0x000000000000042c       0x4c ../libopencm3/lib/libopencm3_stm32f4.a(vector.o)
 .debug_frame   0x0000000000000478       0x50 ../libopencm3/lib/libopencm3_stm32f4.a(flash_common_all.o)
 .debug_frame   0x00000000000004c8       0x70 ../libopencm3/lib/libopencm3_stm32f4.a(flash_common_idcache.o)
 .debug_frame   0x0000000000000538       0x20 ../libopencm3/lib/libopencm3_stm32f4.a(pwr.o)

.debug_macro    0x0000000000000000     0x316a
 .debug_macro   0x0000000000000000       0x88 ../libopencm3/lib/libopencm3_stm32f4.a(gpio_common_all.o)
 .debug_macro   0x0000000000000088      0xa6c ../libopencm3/lib/libopencm3_stm32f4.a(gpio_common_all.o)
 .debug_macro   0x0000000000000af4       0x1c ../libopencm3/lib/libopencm3_stm32f4.a(gpio_common_all.o)
 .debug_macro   0x0000000000000b10      0x34e ../libopencm3/lib/libopencm3_stm32f4.a(gpio_common_all.o)
 .debug_macro   0x0000000000000e5e       0x22 ../libopencm3/lib/libopencm3_stm32f4.a(gpio_common_all.o)
 .debug_macro   0x0000000000000e80       0xe8 ../libopencm3/lib/libopencm3_stm32f4.a(gpio_common_all.o)
 .debug_macro   0x0000000000000f68       0x76 ../libopencm3/lib/libopencm3_stm32f4.a(gpio_common_all.o)
 .debug_macro   0x0000000000000fde      0x280 ../libopencm3/lib/libopencm3_stm32f4.a(gpio_common_all.o)
 .debug_macro   0x000000000000125e       0x76 ../libopencm3/lib/libopencm3_stm32f4.a(gpio_common_all.o)
 .debug_macro   0x00000000000012d4      0x37e ../libopencm3/lib/libopencm3_stm32f4.a(gpio_common_all.o)
 .debug_macro   0x0000000000001652       0xca ../libopencm3/lib/libopencm3_stm32f4.a(gpio_common_all.o)
 .debug_macro   0x000000000000171c       0x88 ../libopencm3/lib/libopencm3_stm32f4.a(gpio_common_f0234.o)
 .debug_macro   0x00000000000017a4       0xa7 ../libopencm3/lib/libopencm3_stm32f4.a(rcc_common_all.o)
 .debug_macro   0x000000000000184b       0x8e ../libopencm3/lib/libopencm3_stm32f4.a(rcc_common_all.o)
 .debug_macro   0x00000000000018d9       0x46 ../libopencm3/lib/libopencm3_stm32f4.a(rcc_common_all.o)
 .debug_macro   0x000000000000191f      0xcea ../libopencm3/lib/libopencm3_stm32f4.a(rcc_common_all.o)
 .debug_macro   0x0000000000002609       0xdb ../libopencm3/lib/libopencm3_stm32f4.a(rcc.o)
 .debug_macro   0x00000000000026e4       0x16 ../libopencm3/lib/libopencm3_stm32f4.a(rcc.o)
 .debug_macro   0x00000000000026fa       0x1c ../libopencm3/lib/libopencm3_stm32f4.a(rcc.o)
 .debug_macro   0x0000000000002716      0x143 ../libopencm3/lib/libopencm3_stm32f4.a(rcc.o)
 .debug_macro   0x0000000000002859       0x10 ../libopencm3/lib/libopencm3_stm32f4.a(rcc.o)
 .debug_macro   0x0000000000002869       0x8a ../libopencm3/lib/libopencm3_stm32f4.a(vector.o)
 .debug_macro   0x00000000000028f3      0x452 ../libopencm3/lib/libopencm3_stm32f4.a(vector.o)
 .debug_macro   0x0000000000002d45       0x6e ../libopencm3/lib/libopencm3_stm32f4.a(vector.o)
 .debug_macro   0x0000000000002db3      0x22c ../libopencm3/lib/libopencm3_stm32f4.a(vector.o)
 .debug_macro   0x0000000000002fdf       0x8e ../libopencm3/lib/libopencm3_stm32f4.a(flash_common_all.o)
 .debug_macro   0x000000000000306d       0x8e ../libopencm3/lib/libopencm3_stm32f4.a(flash_common_idcache.o)
 .debug_macro   0x00000000000030fb       0x6f ../libopencm3/lib/libopencm3_stm32f4.a(pwr.o)
